  Determining projects to restore...
  All projects are up-to-date for restore.
  Minotaur -> /home/runner/work/Minotaur/Minotaur/src/Minotaur/bin/Debug/net8.0/Minotaur.dll
  Minotaur.Demo -> /home/runner/work/Minotaur/Minotaur/src/Minotaur.Demo/bin/Debug/net8.0/Minotaur.Demo.dll
  Minotaur.Tests -> /home/runner/work/Minotaur/Minotaur/src/Minotaur.Tests/bin/Debug/net8.0/Minotaur.Tests.dll

Build succeeded.
    0 Warning(s)
    0 Error(s)

Time Elapsed 00:00:01.94
